
> react-kavia@0.1.0 start
> react-scripts start

Attempting to bind to HOST environment variable: 0.0.0.0
If this was unintentional, check that you haven't mistakenly set it in your shell.
Learn more here: https://cra.link/advanced-config

(node:7055) [DEP_WEBPACK_DEV_SERVER_ON_AFTER_SETUP_MIDDLEWARE] DeprecationWarning: 'onAfterSetupMiddleware' option is deprecated. Please use the 'setupMiddlewares' option.
(Use `node --trace-deprecation ...` to show where the warning was created)
(node:7055) [DEP_WEBPACK_DEV_SERVER_ON_BEFORE_SETUP_MIDDLEWARE] DeprecationWarning: 'onBeforeSetupMiddleware' option is deprecated. Please use the 'setupMiddlewares' option.
Starting the development server...

Compiled with warnings.

[eslint] 
src/App.js
  Line 20:7:   'CRIME_SCENE_IMAGE' is assigned a value but never used     no-unused-vars
  Line 68:7:   'SUSPECT_ATTRIBUTIONS' is assigned a value but never used  no-unused-vars
  Line 346:9:  'solutionClueId' is assigned a value but never used        no-unused-vars

Search for the keywords to learn more about each warning.
To ignore, add // eslint-disable-next-line to the line before.

WARNING in [eslint] 
src/App.js
  Line 20:7:   'CRIME_SCENE_IMAGE' is assigned a value but never used     no-unused-vars
  Line 68:7:   'SUSPECT_ATTRIBUTIONS' is assigned a value but never used  no-unused-vars
  Line 346:9:  'solutionClueId' is assigned a value but never used        no-unused-vars

webpack compiled with 1 warning
Compiling...
Compiled with warnings.

[eslint] 
src/App.js
  Line 330:9:   'unanswered' is assigned a value but never used     no-unused-vars
  Line 331:9:   'clueAwardMap' is assigned a value but never used   no-unused-vars
  Line 486:10:  'accuseSuspect' is assigned a value but never used  no-unused-vars
  Line 573:12:  'handleOpenAccuse' is defined but never used        no-unused-vars

Search for the keywords to learn more about each warning.
To ignore, add // eslint-disable-next-line to the line before.

WARNING in [eslint] 
src/App.js
  Line 330:9:   'unanswered' is assigned a value but never used     no-unused-vars
  Line 331:9:   'clueAwardMap' is assigned a value but never used   no-unused-vars
  Line 486:10:  'accuseSuspect' is assigned a value but never used  no-unused-vars
  Line 573:12:  'handleOpenAccuse' is defined but never used        no-unused-vars

webpack compiled with 1 warning
